// Vitest Snapshot v1, https://vitest.dev/guide/snapshot.html

exports[`Card > renders the card with task title and description 1`] = `
{
  "asFragment": [Function],
  "baseElement": <body>
    <div>
      <div
        aria-describedby=""
        aria-disabled="false"
        aria-roledescription="sortable"
        class="cursor-grab rounded-lg bg-neutral-700 p-4 shadow-sm hover:shadow-md"
        role="button"
        tabindex="0"
      >
        <h3
          class="font-medium text-neutral-100"
        >
          Test Task
        </h3>
        <p
          class="mt-2 text-sm text-neutral-400"
        >
          Test Description
        </p>
      </div>
    </div>
  </body>,
  "container": <div>
    <div
      aria-describedby=""
      aria-disabled="false"
      aria-roledescription="sortable"
      class="cursor-grab rounded-lg bg-neutral-700 p-4 shadow-sm hover:shadow-md"
      role="button"
      tabindex="0"
    >
      <h3
        class="font-medium text-neutral-100"
      >
        Test Task
      </h3>
      <p
        class="mt-2 text-sm text-neutral-400"
      >
        Test Description
      </p>
    </div>
  </div>,
  "debug": [Function],
  "findAllByAltText": [Function],
  "findAllByDisplayValue": [Function],
  "findAllByLabelText": [Function],
  "findAllByPlaceholderText": [Function],
  "findAllByRole": [Function],
  "findAllByTestId": [Function],
  "findAllByText": [Function],
  "findAllByTitle": [Function],
  "findByAltText": [Function],
  "findByDisplayValue": [Function],
  "findByLabelText": [Function],
  "findByPlaceholderText": [Function],
  "findByRole": [Function],
  "findByTestId": [Function],
  "findByText": [Function],
  "findByTitle": [Function],
  "getAllByAltText": [Function],
  "getAllByDisplayValue": [Function],
  "getAllByLabelText": [Function],
  "getAllByPlaceholderText": [Function],
  "getAllByRole": [Function],
  "getAllByTestId": [Function],
  "getAllByText": [Function],
  "getAllByTitle": [Function],
  "getByAltText": [Function],
  "getByDisplayValue": [Function],
  "getByLabelText": [Function],
  "getByPlaceholderText": [Function],
  "getByRole": [Function],
  "getByTestId": [Function],
  "getByText": [Function],
  "getByTitle": [Function],
  "queryAllByAltText": [Function],
  "queryAllByDisplayValue": [Function],
  "queryAllByLabelText": [Function],
  "queryAllByPlaceholderText": [Function],
  "queryAllByRole": [Function],
  "queryAllByTestId": [Function],
  "queryAllByText": [Function],
  "queryAllByTitle": [Function],
  "queryByAltText": [Function],
  "queryByDisplayValue": [Function],
  "queryByLabelText": [Function],
  "queryByPlaceholderText": [Function],
  "queryByRole": [Function],
  "queryByTestId": [Function],
  "queryByText": [Function],
  "queryByTitle": [Function],
  "rerender": [Function],
  "unmount": [Function],
}
`;
